// Jest Snapshot v1, https://goo.gl/fbAQLP

exports[`App renders correctly 1`] = `
<DocumentFragment>
  <div
    class="App"
  >
    <img
      alt="nasa-logo"
      class="search-image"
      src="https://cdn.cnn.com/cnnnext/dam/assets/200424060716-nasa-worm-logo.jpg"
    />
    <form
      class="search-form"
    >
      <input
        class="search-input"
        type="text"
      />
      <button
        class="submit"
        type="submit"
      >
        Search
      </button>
    </form>
    <p>
      No Results
    </p>
  </div>
</DocumentFragment>
`;
